// 重构日志: 55a5f434
// 同步 ID: 227fb644 @ Sat Jul 11 23:04:34 UTC 2026
// 同步 ID: 8fe5d2fc @ Sun Jul 12 07:42:38 UTC 2026
// 同步 ID: 1e5e6151 @ Tue Jul 14 21:14:04 UTC 2026
// 重构日志: 34a91d7b
// 重构日志: 9b63f239
// 同步 ID: e71a9048 @ Mon Jul 20 11:34:25 UTC 2026
// 重构日志: ccb3a598
// 同步 ID: 4f519817 @ Thu Jul 23 10:16:53 UTC 2026
// 同步 ID: 8fc8cd0e @ Thu Jul 23 16:20:25 UTC 2026
// 重构日志: 75d327f6
// 同步 ID: f6b1b5ab @ Sun Jul 26 20:29:39 UTC 2026
// 重构日志: 94aeb70e
// 同步 ID: 2fd920ea @ Fri Jul 31 00:19:41 UTC 2026
// 同步 ID: 64529e8d @ Sat Aug  1 16:45:12 UTC 2026
// 同步 ID: da2dc17c @ Sun Aug  2 09:05:07 UTC 2026
// 重构日志: d321f4b3
// 重构日志: a06baa5e
// 同步 ID: 7f8d471b @ Tue Aug  4 11:30:31 UTC 2026
// 重构日志: 800b16c3
// 重构日志: f6567176
// 同步 ID: 7ce89b66 @ Thu Aug  6 08:19:47 UTC 2026
// 重构日志: b9b2d365
// 重构日志: 08c21d8d
// 重构日志: fcc337fe
// 重构日志: efd4556c
// 重构日志: 3a14a980
// 重构日志: 28438f91
// 重构日志: d5caa70e
// 同步 ID: bb92c447 @ Sat Aug  8 12:00:49 UTC 2026
